#-----------------------------------------------------------
# Vivado v2022.1 (64-bit)
# SW Build 3526262 on Mon Apr 18 15:48:16 MDT 2022
# IP Build 3524634 on Mon Apr 18 20:55:01 MDT 2022
# Start of session at: Thu Mar 30 10:29:32 2023
# Process ID: 5848
# Current directory: E:/COD_Projects/LABH1
# Command line: vivado.exe -gui_launcher_event rodinguilauncherevent7856 E:\COD_Projects\LABH1\LABH1.xpr
# Log file: E:/COD_Projects/LABH1/vivado.log
# Journal file: E:/COD_Projects/LABH1\vivado.jou
# Running On: LAPTOP-NF4J7LE5, OS: Windows, CPU Frequency: 2419 MHz, CPU Physical cores: 4, Host memory: 16969 MB
#-----------------------------------------------------------
start_gui
open_project E:/COD_Projects/LABH1/LABH1.xpr
update_compile_order -fileset sources_1
close [ open E:/COD_Projects/LABH1/LABH1.srcs/sources_1/new/mux_4_to_1.v w ]
add_files E:/COD_Projects/LABH1/LABH1.srcs/sources_1/new/mux_4_to_1.v
update_compile_order -fileset sources_1
close [ open E:/COD_Projects/LABH1/LABH1.srcs/sources_1/new/mux_2_to_1.v w ]
add_files E:/COD_Projects/LABH1/LABH1.srcs/sources_1/new/mux_2_to_1.v
update_compile_order -fileset sources_1
update_compile_order -fileset sources_1
update_compile_order -fileset sources_1
update_compile_order -fileset sources_1
update_compile_order -fileset sources_1
update_compile_order -fileset sources_1
update_compile_order -fileset sources_1
update_compile_order -fileset sources_1
update_compile_order -fileset sources_1
update_compile_order -fileset sources_1
