Copyright 1986-2022 Xilinx, Inc. All Rights Reserved.
------------------------------------------------------------------------------------
| Tool Version : Vivado v.2022.1 (win64) Build 3526262 Mon Apr 18 15:48:16 MDT 2022
| Date         : Sat Jun 10 22:22:06 2023
| Host         : Melmaphother running 64-bit major release  (build 9200)
| Command      : report_control_sets -verbose -file MAIN_control_sets_placed.rpt
| Design       : MAIN
| Device       : xc7a100t
------------------------------------------------------------------------------------

Control Set Information

Table of Contents
-----------------
1. Summary
2. Histogram
3. Flip-Flop Distribution
4. Detailed Control Set Information

1. Summary
----------

+----------------------------------------------------------+-------+
|                          Status                          | Count |
+----------------------------------------------------------+-------+
| Total control sets                                       |   336 |
|    Minimum number of control sets                        |   336 |
|    Addition due to synthesis replication                 |     0 |
|    Addition due to physical synthesis replication        |     0 |
| Unused register locations in slices containing registers |   149 |
+----------------------------------------------------------+-------+
* Control sets can be merged at opt_design using control_set_merge or merge_equivalent_drivers
** Run report_qor_suggestions for automated merging and remapping suggestions


2. Histogram
------------

+--------------------+-------+
|       Fanout       | Count |
+--------------------+-------+
| Total control sets |   336 |
| >= 0 to < 4        |     1 |
| >= 4 to < 6        |    19 |
| >= 6 to < 8        |     0 |
| >= 8 to < 10       |     8 |
| >= 10 to < 12      |     0 |
| >= 12 to < 14      |     2 |
| >= 14 to < 16      |    16 |
| >= 16              |   290 |
+--------------------+-------+
* Control sets can be remapped at either synth_design or opt_design


3. Flip-Flop Distribution
-------------------------

+--------------+-----------------------+------------------------+-----------------+--------------+
| Clock Enable | Synchronous Set/Reset | Asynchronous Set/Reset | Total Registers | Total Slices |
+--------------+-----------------------+------------------------+-----------------+--------------+
| No           | No                    | No                     |             370 |          132 |
| No           | No                    | Yes                    |              47 |           22 |
| No           | Yes                   | No                     |               4 |            1 |
| Yes          | No                    | No                     |            1257 |          441 |
| Yes          | No                    | Yes                    |             192 |           65 |
| Yes          | Yes                   | No                     |            8197 |         3123 |
+--------------+-----------------------+------------------------+-----------------+--------------+


4. Detailed Control Set Information
-----------------------------------

+-----------------------+------------------------------------------------------------------------------------+-------------------------------------------------------------+------------------+----------------+--------------+
|      Clock Signal     |                                    Enable Signal                                   |                       Set/Reset Signal                      | Slice Load Count | Bel Load Count | Bels / Slice |
+-----------------------+------------------------------------------------------------------------------------+-------------------------------------------------------------+------------------+----------------+--------------+
|  clk_IBUF_BUFG        |                                                                                    | sdu/dcp/scan/rstn                                           |                1 |              1 |         1.00 |
|  clk_153600_BUFG      | sdu/dcp/scan/p_2_in[22]                                                            | sdu/dcp/scan/rstn                                           |                1 |              4 |         4.00 |
|  clk_153600_BUFG      | sdu/dcp/scan/p_2_in[18]                                                            | sdu/dcp/scan/rstn                                           |                1 |              4 |         4.00 |
|  clk_153600_BUFG      | sdu/dcp/scan/p_2_in[0]                                                             |                                                             |                3 |              4 |         1.33 |
|  clk_153600_BUFG      | sdu/rx/cnt1[3]_i_1_n_0                                                             |                                                             |                1 |              4 |         4.00 |
|  clk_153600_BUFG      | sdu/dcp/scan/p_2_in[7]                                                             |                                                             |                2 |              4 |         2.00 |
|  clk_153600_BUFG      | sdu/tx/cnt2[3]_i_1__0_n_0                                                          |                                                             |                1 |              4 |         4.00 |
|  clk_153600_BUFG      | sdu/tx/cnt1[3]_i_1__0_n_0                                                          |                                                             |                1 |              4 |         4.00 |
|  clk_153600_BUFG      | sdu/dcp/scan/p_2_in[26]                                                            | sdu/dcp/scan/rstn                                           |                2 |              4 |         2.00 |
|  clk_153600_BUFG      | sdu/dcp/scan/cnt                                                                   |                                                             |                1 |              4 |         4.00 |
|  clk_153600_BUFG      | sdu/dcp/scan/p_2_in[14]                                                            | sdu/dcp/scan/rstn                                           |                1 |              4 |         4.00 |
|  clk_153600_BUFG      | sdu/dcp/scan/p_2_in[30]                                                            | sdu/dcp/scan/rstn                                           |                1 |              4 |         4.00 |
|  clk_153600_BUFG      | sdu/dcp/scan/p_2_in[9]                                                             | sdu/dcp/scan/rstn                                           |                1 |              4 |         4.00 |
|  sdu/dcp/print/hex__0 |                                                                                    | sdu/dcp/print/FSM_onehot_cs_reg[25]                         |                1 |              4 |         4.00 |
|  cpu_clk_BUFG         | u_CPU/u_mem_and_mmio/u_Dcache/u_DataMem/rd_delay[4]_i_2_n_0                        | u_CPU/u_mem_and_mmio/u_Dcache/u_DataMem/rd_delay[4]_i_1_n_0 |                1 |              5 |         5.00 |
|  clk_153600_BUFG      |                                                                                    |                                                             |                2 |              5 |         2.50 |
|  cpu_clk_BUFG         | u_CPU/u_mem_and_mmio/u_Dcache/u_DataMem/wr_delay[4]_i_1_n_0                        |                                                             |                1 |              5 |         5.00 |
|  clk_153600_BUFG      | sdu/dcp/d_cnt[4]_i_1_n_0                                                           | sdu/dcp/scan/rstn                                           |                2 |              5 |         2.50 |
|  clk_153600_BUFG      | sdu/dcp/p_cnt[4]_i_1_n_0                                                           | sdu/dcp/scan/rstn                                           |                2 |              5 |         2.50 |
|  clk_153600_BUFG      | sdu/dcp/print/FSM_onehot_cs_reg[6]_0[1]                                            | sdu/dcp/scan/rstn                                           |                3 |              5 |         1.67 |
|  clk_153600_BUFG      | sdu/tx/store                                                                       | sdu/dcp/scan/rstn                                           |                2 |              8 |         4.00 |
|  clk_153600_BUFG      | rstn_IBUF                                                                          |                                                             |                5 |              8 |         1.60 |
|  clk_153600_BUFG      | sdu/rx/d_rx0                                                                       | sdu/dcp/scan/rstn                                           |                2 |              8 |         4.00 |
|  clk_153600_BUFG      | sdu/dcp/r_cnt[7]_i_1_n_0                                                           | sdu/dcp/scan/rstn                                           |                2 |              8 |         4.00 |
|  cpu_clk_BUFG         | u_CPU/u_mem_and_mmio/u_Dcache/u_DataMem/FSM_onehot_cache_state_reg[2]              |                                                             |                2 |              8 |         4.00 |
|  cpu_clk_BUFG         | u_CPU/u_EXMEM/E[0]                                                                 |                                                             |                1 |              8 |         8.00 |
|  clk_153600_BUFG      | sdu/dcp/r_ptr[8]_i_1_n_0                                                           | sdu/dcp/scan/rstn                                           |                4 |              9 |         2.25 |
|  clk_153600_BUFG      | sdu/dcp/p_ptr[8]_i_1_n_0                                                           | sdu/dcp/scan/rstn                                           |                6 |              9 |         1.50 |
|  cpu_clk_BUFG         | u_IOU/DB_data/count_n[11]_i_1__15_n_0                                              |                                                             |                2 |             12 |         6.00 |
|  cpu_clk_BUFG         | u_IOU/DB_del/count_n[11]_i_1__16_n_0                                               |                                                             |                2 |             12 |         6.00 |
|  cpu_clk_BUFG         | u_IOU/genblk1[13].DB_x/count_n[13]_i_1__12_n_0                                     |                                                             |                3 |             14 |         4.67 |
|  cpu_clk_BUFG         | u_IOU/genblk1[12].DB_x/count_n[13]_i_1__11_n_0                                     |                                                             |                3 |             14 |         4.67 |
|  cpu_clk_BUFG         | u_IOU/genblk1[4].DB_x/count_n[13]_i_1__3_n_0                                       |                                                             |                4 |             14 |         3.50 |
|  cpu_clk_BUFG         | u_IOU/genblk1[5].DB_x/count_n[13]_i_1__4_n_0                                       |                                                             |                4 |             14 |         3.50 |
|  cpu_clk_BUFG         | u_IOU/genblk1[6].DB_x/count_n[13]_i_1__5_n_0                                       |                                                             |                4 |             14 |         3.50 |
|  cpu_clk_BUFG         | u_IOU/genblk1[7].DB_x/count_n[13]_i_1__6_n_0                                       |                                                             |                3 |             14 |         4.67 |
|  cpu_clk_BUFG         | u_IOU/genblk1[8].DB_x/count_n[13]_i_1__7_n_0                                       |                                                             |                4 |             14 |         3.50 |
|  cpu_clk_BUFG         | u_IOU/genblk1[10].DB_x/count_n[13]_i_1__9_n_0                                      |                                                             |                4 |             14 |         3.50 |
|  cpu_clk_BUFG         | u_IOU/genblk1[9].DB_x/count_n[13]_i_1__8_n_0                                       |                                                             |                4 |             14 |         3.50 |
|  cpu_clk_BUFG         | u_IOU/genblk1[11].DB_x/count_n[13]_i_1__10_n_0                                     |                                                             |                4 |             14 |         3.50 |
|  cpu_clk_BUFG         | u_IOU/genblk1[0].DB_x/count_n[13]_i_1_n_0                                          |                                                             |                3 |             14 |         4.67 |
|  cpu_clk_BUFG         | u_IOU/genblk1[14].DB_x/count_n[13]_i_1__13_n_0                                     |                                                             |                4 |             14 |         3.50 |
|  cpu_clk_BUFG         | u_IOU/genblk1[15].DB_x/count_n[13]_i_1__14_n_0                                     |                                                             |                3 |             14 |         4.67 |
|  cpu_clk_BUFG         | u_IOU/genblk1[1].DB_x/count_n[13]_i_1__0_n_0                                       |                                                             |                3 |             14 |         4.67 |
|  cpu_clk_BUFG         | u_IOU/genblk1[2].DB_x/count_n[13]_i_1__1_n_0                                       |                                                             |                5 |             14 |         2.80 |
|  cpu_clk_BUFG         | u_IOU/genblk1[3].DB_x/count_n[13]_i_1__2_n_0                                       |                                                             |                4 |             14 |         3.50 |
|  cpu_clk_BUFG         | u_CPU/u_EXMEM/led_data                                                             |                                                             |                4 |             16 |         4.00 |
|  cpu_clk_BUFG         | u_CPU/u_mem_and_mmio/u_Dcache/Cache[2][3][31]_i_2_n_0                              | u_CPU/u_mem_and_mmio/u_Dcache/Cache[2][3][31]_i_1_n_0       |               12 |             32 |         2.67 |
|  cpu_clk_BUFG         | u_CPU/u_mem_and_mmio/u_Dcache/Cache[30][0][31]_i_2_n_0                             | u_CPU/u_mem_and_mmio/u_Dcache/Cache[30][0][31]_i_1_n_0      |               16 |             32 |         2.00 |
|  cpu_clk_BUFG         | u_CPU/u_mem_and_mmio/u_Dcache/Cache[33][0][31]_i_2_n_0                             | u_CPU/u_mem_and_mmio/u_Dcache/Cache[33][0][31]_i_1_n_0      |               13 |             32 |         2.46 |
|  cpu_clk_BUFG         | u_CPU/u_mem_and_mmio/u_Dcache/Cache[32][1][31]_i_2_n_0                             | u_CPU/u_mem_and_mmio/u_Dcache/Cache[32][1][31]_i_1_n_0      |               11 |             32 |         2.91 |
|  cpu_clk_BUFG         | u_CPU/u_mem_and_mmio/u_Dcache/Cache[29][3][31]_i_2_n_0                             | u_CPU/u_mem_and_mmio/u_Dcache/Cache[29][3][31]_i_1_n_0      |               13 |             32 |         2.46 |
|  cpu_clk_BUFG         | u_CPU/u_mem_and_mmio/u_Dcache/Cache[32][3][31]_i_2_n_0                             | u_CPU/u_mem_and_mmio/u_Dcache/Cache[32][3][31]_i_1_n_0      |                8 |             32 |         4.00 |
|  cpu_clk_BUFG         | u_CPU/u_mem_and_mmio/u_Dcache/Cache[32][0][31]_i_2_n_0                             | u_CPU/u_mem_and_mmio/u_Dcache/Cache[32][0][31]_i_1_n_0      |                9 |             32 |         3.56 |
|  cpu_clk_BUFG         | u_CPU/u_mem_and_mmio/u_Dcache/Cache[2][2][31]_i_2_n_0                              | u_CPU/u_mem_and_mmio/u_Dcache/Cache[2][2][31]_i_1_n_0       |               10 |             32 |         3.20 |
|  cpu_clk_BUFG         | u_CPU/u_mem_and_mmio/u_Dcache/Cache[30][2][31]_i_2_n_0                             | u_CPU/u_mem_and_mmio/u_Dcache/Cache[30][2][31]_i_1_n_0      |               22 |             32 |         1.45 |
|  cpu_clk_BUFG         | u_CPU/u_mem_and_mmio/u_Dcache/Cache[31][3][31]_i_2_n_0                             | u_CPU/u_mem_and_mmio/u_Dcache/Cache[31][3][31]_i_1_n_0      |               17 |             32 |         1.88 |
|  cpu_clk_BUFG         | u_CPU/u_mem_and_mmio/u_Dcache/Cache[33][1][31]_i_2_n_0                             | u_CPU/u_mem_and_mmio/u_Dcache/Cache[33][1][31]_i_1_n_0      |               14 |             32 |         2.29 |
|  cpu_clk_BUFG         | u_CPU/u_mem_and_mmio/u_Dcache/Cache[33][2][31]_i_2_n_0                             | u_CPU/u_mem_and_mmio/u_Dcache/Cache[33][2][31]_i_1_n_0      |               11 |             32 |         2.91 |
|  cpu_clk_BUFG         | u_CPU/u_mem_and_mmio/u_Dcache/Cache[31][0][31]_i_2_n_0                             | u_CPU/u_mem_and_mmio/u_Dcache/Cache[31][0][31]_i_1_n_0      |               17 |             32 |         1.88 |
|  cpu_clk_BUFG         | u_CPU/u_mem_and_mmio/u_Dcache/Cache[31][1][31]_i_2_n_0                             | u_CPU/u_mem_and_mmio/u_Dcache/Cache[31][1][31]_i_1_n_0      |               24 |             32 |         1.33 |
|  cpu_clk_BUFG         | u_CPU/u_mem_and_mmio/u_Dcache/Cache[32][2][31]_i_2_n_0                             | u_CPU/u_mem_and_mmio/u_Dcache/Cache[32][2][31]_i_1_n_0      |                9 |             32 |         3.56 |
|  cpu_clk_BUFG         | u_CPU/u_mem_and_mmio/u_Dcache/Cache[38][2][31]_i_2_n_0                             | u_CPU/u_mem_and_mmio/u_Dcache/Cache[38][2][31]_i_1_n_0      |               11 |             32 |         2.91 |
|  cpu_clk_BUFG         | u_CPU/u_mem_and_mmio/u_Dcache/Cache[39][3][31]_i_2_n_0                             | u_CPU/u_mem_and_mmio/u_Dcache/Cache[39][3][31]_i_1_n_0      |                8 |             32 |         4.00 |
|  cpu_clk_BUFG         | u_CPU/u_mem_and_mmio/u_Dcache/Cache[39][2][31]_i_2_n_0                             | u_CPU/u_mem_and_mmio/u_Dcache/Cache[39][2][31]_i_1_n_0      |               16 |             32 |         2.00 |
|  cpu_clk_BUFG         | u_CPU/u_mem_and_mmio/u_Dcache/Cache[3][1][31]_i_2_n_0                              | u_CPU/u_mem_and_mmio/u_Dcache/Cache[3][1][31]_i_1_n_0       |               12 |             32 |         2.67 |
|  cpu_clk_BUFG         | u_CPU/u_mem_and_mmio/u_Dcache/Cache[35][0][31]_i_2_n_0                             | u_CPU/u_mem_and_mmio/u_Dcache/Cache[35][0][31]_i_1_n_0      |               10 |             32 |         3.20 |
|  cpu_clk_BUFG         | u_CPU/u_mem_and_mmio/u_Dcache/Cache[37][3][31]_i_2_n_0                             | u_CPU/u_mem_and_mmio/u_Dcache/Cache[37][3][31]_i_1_n_0      |                5 |             32 |         6.40 |
|  cpu_clk_BUFG         | u_CPU/u_mem_and_mmio/u_Dcache/Cache[39][0][31]_i_2_n_0                             | u_CPU/u_mem_and_mmio/u_Dcache/Cache[39][0][31]_i_1_n_0      |               10 |             32 |         3.20 |
|  cpu_clk_BUFG         | u_CPU/u_mem_and_mmio/u_Dcache/Cache[3][2][31]_i_2_n_0                              | u_CPU/u_mem_and_mmio/u_Dcache/Cache[3][2][31]_i_1_n_0       |               12 |             32 |         2.67 |
|  cpu_clk_BUFG         | u_CPU/u_mem_and_mmio/u_Dcache/Cache[3][0][31]_i_2_n_0                              | u_CPU/u_mem_and_mmio/u_Dcache/Cache[3][0][31]_i_1_n_0       |               14 |             32 |         2.29 |
|  cpu_clk_BUFG         | u_CPU/u_mem_and_mmio/u_Dcache/Cache[3][3][31]_i_2_n_0                              | u_CPU/u_mem_and_mmio/u_Dcache/Cache[3][3][31]_i_1_n_0       |                8 |             32 |         4.00 |
|  cpu_clk_BUFG         | u_CPU/u_mem_and_mmio/u_Dcache/Cache[36][2][31]_i_2_n_0                             | u_CPU/u_mem_and_mmio/u_Dcache/Cache[36][2][31]_i_1_n_0      |               11 |             32 |         2.91 |
|  cpu_clk_BUFG         | u_CPU/u_mem_and_mmio/u_Dcache/Cache[34][3][31]_i_2_n_0                             | u_CPU/u_mem_and_mmio/u_Dcache/Cache[34][3][31]_i_1_n_0      |                9 |             32 |         3.56 |
|  cpu_clk_BUFG         | u_CPU/u_mem_and_mmio/u_Dcache/Cache[36][1][31]_i_2_n_0                             | u_CPU/u_mem_and_mmio/u_Dcache/Cache[36][1][31]_i_1_n_0      |               10 |             32 |         3.20 |
|  cpu_clk_BUFG         | u_CPU/u_mem_and_mmio/u_Dcache/Cache[37][2][31]_i_2_n_0                             | u_CPU/u_mem_and_mmio/u_Dcache/Cache[37][2][31]_i_1_n_0      |               10 |             32 |         3.20 |
|  cpu_clk_BUFG         | u_CPU/u_mem_and_mmio/u_Dcache/Cache[40][0][31]_i_2_n_0                             | u_CPU/u_mem_and_mmio/u_Dcache/Cache[40][0][31]_i_1_n_0      |               10 |             32 |         3.20 |
|  cpu_clk_BUFG         | u_CPU/u_mem_and_mmio/u_Dcache/Cache[40][1][31]_i_2_n_0                             | u_CPU/u_mem_and_mmio/u_Dcache/Cache[40][1][31]_i_1_n_0      |                9 |             32 |         3.56 |
|  cpu_clk_BUFG         | u_CPU/u_mem_and_mmio/u_Dcache/Cache[36][3][31]_i_2_n_0                             | u_CPU/u_mem_and_mmio/u_Dcache/Cache[36][3][31]_i_1_n_0      |                8 |             32 |         4.00 |
|  cpu_clk_BUFG         | u_CPU/u_mem_and_mmio/u_Dcache/Cache[40][2][31]_i_2_n_0                             | u_CPU/u_mem_and_mmio/u_Dcache/Cache[40][2][31]_i_1_n_0      |               18 |             32 |         1.78 |
|  cpu_clk_BUFG         | u_CPU/u_mem_and_mmio/u_Dcache/Cache[37][0][31]_i_2_n_0                             | u_CPU/u_mem_and_mmio/u_Dcache/Cache[37][0][31]_i_1_n_0      |               11 |             32 |         2.91 |
|  cpu_clk_BUFG         | u_CPU/u_mem_and_mmio/u_Dcache/Cache[35][1][31]_i_2_n_0                             | u_CPU/u_mem_and_mmio/u_Dcache/Cache[35][1][31]_i_1_n_0      |                9 |             32 |         3.56 |
|  cpu_clk_BUFG         | u_CPU/u_mem_and_mmio/u_Dcache/Cache[38][0][31]_i_2_n_0                             | u_CPU/u_mem_and_mmio/u_Dcache/Cache[38][0][31]_i_1_n_0      |               10 |             32 |         3.20 |
|  cpu_clk_BUFG         | u_CPU/u_mem_and_mmio/u_Dcache/Cache[35][3][31]_i_2_n_0                             | u_CPU/u_mem_and_mmio/u_Dcache/Cache[35][3][31]_i_1_n_0      |                7 |             32 |         4.57 |
|  cpu_clk_BUFG         | u_CPU/u_mem_and_mmio/u_Dcache/Cache[35][2][31]_i_2_n_0                             | u_CPU/u_mem_and_mmio/u_Dcache/Cache[35][2][31]_i_1_n_0      |               13 |             32 |         2.46 |
|  cpu_clk_BUFG         | u_CPU/u_mem_and_mmio/u_Dcache/Cache[37][1][31]_i_2_n_0                             | u_CPU/u_mem_and_mmio/u_Dcache/Cache[37][1][31]_i_1_n_0      |               13 |             32 |         2.46 |
|  cpu_clk_BUFG         | u_CPU/u_mem_and_mmio/u_Dcache/Cache[38][3][31]_i_2_n_0                             | u_CPU/u_mem_and_mmio/u_Dcache/Cache[38][3][31]_i_1_n_0      |               11 |             32 |         2.91 |
|  cpu_clk_BUFG         | u_CPU/u_mem_and_mmio/u_Dcache/Cache[34][2][31]_i_2_n_0                             | u_CPU/u_mem_and_mmio/u_Dcache/Cache[34][2][31]_i_1_n_0      |               13 |             32 |         2.46 |
|  cpu_clk_BUFG         | u_CPU/u_mem_and_mmio/u_Dcache/Cache[38][1][31]_i_2_n_0                             | u_CPU/u_mem_and_mmio/u_Dcache/Cache[38][1][31]_i_1_n_0      |               16 |             32 |         2.00 |
|  cpu_clk_BUFG         | u_CPU/u_mem_and_mmio/u_Dcache/Cache[39][1][31]_i_2_n_0                             | u_CPU/u_mem_and_mmio/u_Dcache/Cache[39][1][31]_i_1_n_0      |               13 |             32 |         2.46 |
|  cpu_clk_BUFG         | u_CPU/u_mem_and_mmio/u_Dcache/Cache[36][0][31]_i_2_n_0                             | u_CPU/u_mem_and_mmio/u_Dcache/Cache[36][0][31]_i_1_n_0      |               16 |             32 |         2.00 |
|  cpu_clk_BUFG         | u_CPU/u_mem_and_mmio/u_Dcache/Cache[45][1][31]_i_2_n_0                             | u_CPU/u_mem_and_mmio/u_Dcache/Cache[45][1][31]_i_1_n_0      |               17 |             32 |         1.88 |
|  cpu_clk_BUFG         | u_CPU/u_mem_and_mmio/u_Dcache/Cache[47][1][31]_i_2_n_0                             | u_CPU/u_mem_and_mmio/u_Dcache/Cache[47][1][31]_i_1_n_0      |               20 |             32 |         1.60 |
|  cpu_clk_BUFG         | u_CPU/u_mem_and_mmio/u_Dcache/Cache[47][2][31]_i_2_n_0                             | u_CPU/u_mem_and_mmio/u_Dcache/Cache[47][2][31]_i_1_n_0      |               25 |             32 |         1.28 |
|  cpu_clk_BUFG         | u_CPU/u_mem_and_mmio/u_Dcache/Cache[43][0][31]_i_2_n_0                             | u_CPU/u_mem_and_mmio/u_Dcache/Cache[43][0][31]_i_1_n_0      |               12 |             32 |         2.67 |
|  cpu_clk_BUFG         | u_CPU/u_mem_and_mmio/u_Dcache/Cache[41][3][31]_i_2_n_0                             | u_CPU/u_mem_and_mmio/u_Dcache/Cache[41][3][31]_i_1_n_0      |               13 |             32 |         2.46 |
|  cpu_clk_BUFG         | u_CPU/u_mem_and_mmio/u_Dcache/Cache[42][1][31]_i_2_n_0                             | u_CPU/u_mem_and_mmio/u_Dcache/Cache[42][1][31]_i_1_n_0      |               15 |             32 |         2.13 |
|  cpu_clk_BUFG         | u_CPU/u_mem_and_mmio/u_Dcache/Cache[42][3][31]_i_2_n_0                             | u_CPU/u_mem_and_mmio/u_Dcache/Cache[42][3][31]_i_1_n_0      |               10 |             32 |         3.20 |
|  cpu_clk_BUFG         | u_CPU/u_mem_and_mmio/u_Dcache/Cache[44][0][31]_i_2_n_0                             | u_CPU/u_mem_and_mmio/u_Dcache/Cache[44][0][31]_i_1_n_0      |               16 |             32 |         2.00 |
|  cpu_clk_BUFG         | u_CPU/u_mem_and_mmio/u_Dcache/Cache[44][1][31]_i_2_n_0                             | u_CPU/u_mem_and_mmio/u_Dcache/Cache[44][1][31]_i_1_n_0      |               17 |             32 |         1.88 |
|  cpu_clk_BUFG         | u_CPU/u_mem_and_mmio/u_Dcache/Cache[44][3][31]_i_2_n_0                             | u_CPU/u_mem_and_mmio/u_Dcache/Cache[44][3][31]_i_1_n_0      |               17 |             32 |         1.88 |
|  cpu_clk_BUFG         | u_CPU/u_mem_and_mmio/u_Dcache/Cache[43][3][31]_i_2_n_0                             | u_CPU/u_mem_and_mmio/u_Dcache/Cache[43][3][31]_i_1_n_0      |               13 |             32 |         2.46 |
|  cpu_clk_BUFG         | u_CPU/u_mem_and_mmio/u_Dcache/Cache[43][2][31]_i_2_n_0                             | u_CPU/u_mem_and_mmio/u_Dcache/Cache[43][2][31]_i_1_n_0      |               14 |             32 |         2.29 |
|  cpu_clk_BUFG         | u_CPU/u_mem_and_mmio/u_Dcache/Cache[41][0][31]_i_2_n_0                             | u_CPU/u_mem_and_mmio/u_Dcache/Cache[41][0][31]_i_1_n_0      |               17 |             32 |         1.88 |
|  cpu_clk_BUFG         | u_CPU/u_mem_and_mmio/u_Dcache/Cache[45][0][31]_i_2_n_0                             | u_CPU/u_mem_and_mmio/u_Dcache/Cache[45][0][31]_i_1_n_0      |               12 |             32 |         2.67 |
|  cpu_clk_BUFG         | u_CPU/u_mem_and_mmio/u_Dcache/Cache[42][2][31]_i_2_n_0                             | u_CPU/u_mem_and_mmio/u_Dcache/Cache[42][2][31]_i_1_n_0      |               13 |             32 |         2.46 |
|  cpu_clk_BUFG         | u_CPU/u_mem_and_mmio/u_Dcache/Cache[42][0][31]_i_2_n_0                             | u_CPU/u_mem_and_mmio/u_Dcache/Cache[42][0][31]_i_1_n_0      |               13 |             32 |         2.46 |
|  cpu_clk_BUFG         | u_CPU/u_mem_and_mmio/u_Dcache/Cache[43][1][31]_i_2_n_0                             | u_CPU/u_mem_and_mmio/u_Dcache/Cache[43][1][31]_i_1_n_0      |               17 |             32 |         1.88 |
|  cpu_clk_BUFG         | u_CPU/u_mem_and_mmio/u_Dcache/Cache[45][3][31]_i_2_n_0                             | u_CPU/u_mem_and_mmio/u_Dcache/Cache[45][3][31]_i_1_n_0      |               10 |             32 |         3.20 |
|  cpu_clk_BUFG         | u_CPU/u_mem_and_mmio/u_Dcache/Cache[46][1][31]_i_2_n_0                             | u_CPU/u_mem_and_mmio/u_Dcache/Cache[46][1][31]_i_1_n_0      |               21 |             32 |         1.52 |
|  cpu_clk_BUFG         | u_CPU/u_mem_and_mmio/u_Dcache/Cache[40][3][31]_i_2_n_0                             | u_CPU/u_mem_and_mmio/u_Dcache/Cache[40][3][31]_i_1_n_0      |               15 |             32 |         2.13 |
|  cpu_clk_BUFG         | u_CPU/u_mem_and_mmio/u_Dcache/Cache[44][2][31]_i_2_n_0                             | u_CPU/u_mem_and_mmio/u_Dcache/Cache[44][2][31]_i_1_n_0      |               14 |             32 |         2.29 |
|  cpu_clk_BUFG         | u_CPU/u_mem_and_mmio/u_Dcache/Cache[46][0][31]_i_2_n_0                             | u_CPU/u_mem_and_mmio/u_Dcache/Cache[46][0][31]_i_1_n_0      |               14 |             32 |         2.29 |
|  cpu_clk_BUFG         | u_CPU/u_mem_and_mmio/u_Dcache/Cache[46][2][31]_i_2_n_0                             | u_CPU/u_mem_and_mmio/u_Dcache/Cache[46][2][31]_i_1_n_0      |               13 |             32 |         2.46 |
|  cpu_clk_BUFG         | u_CPU/u_mem_and_mmio/u_Dcache/Cache[46][3][31]_i_2_n_0                             | u_CPU/u_mem_and_mmio/u_Dcache/Cache[46][3][31]_i_1_n_0      |               13 |             32 |         2.46 |
|  cpu_clk_BUFG         | u_CPU/u_mem_and_mmio/u_Dcache/Cache[47][0][31]_i_2_n_0                             | u_CPU/u_mem_and_mmio/u_Dcache/Cache[47][0][31]_i_1_n_0      |               17 |             32 |         1.88 |
|  cpu_clk_BUFG         | u_CPU/u_mem_and_mmio/u_Dcache/Cache[41][2][31]_i_2_n_0                             | u_CPU/u_mem_and_mmio/u_Dcache/Cache[41][2][31]_i_1_n_0      |               17 |             32 |         1.88 |
|  cpu_clk_BUFG         | u_CPU/u_mem_and_mmio/u_Dcache/Cache[45][2][31]_i_2_n_0                             | u_CPU/u_mem_and_mmio/u_Dcache/Cache[45][2][31]_i_1_n_0      |               15 |             32 |         2.13 |
|  cpu_clk_BUFG         | u_CPU/u_mem_and_mmio/u_Dcache/Cache[41][1][31]_i_2_n_0                             | u_CPU/u_mem_and_mmio/u_Dcache/Cache[41][1][31]_i_1_n_0      |               10 |             32 |         3.20 |
|  cpu_clk_BUFG         | u_CPU/u_mem_and_mmio/u_Dcache/Cache[48][0][31]_i_2_n_0                             | u_CPU/u_mem_and_mmio/u_Dcache/Cache[48][0][31]_i_1_n_0      |               10 |             32 |         3.20 |
|  cpu_clk_BUFG         | u_CPU/u_mem_and_mmio/u_Dcache/Cache[4][3][31]_i_2_n_0                              | u_CPU/u_mem_and_mmio/u_Dcache/Cache[4][3][31]_i_1_n_0       |               12 |             32 |         2.67 |
|  cpu_clk_BUFG         | u_CPU/u_mem_and_mmio/u_Dcache/Cache[52][2][31]_i_2_n_0                             | u_CPU/u_mem_and_mmio/u_Dcache/Cache[52][2][31]_i_1_n_0      |               11 |             32 |         2.91 |
|  cpu_clk_BUFG         | u_CPU/u_mem_and_mmio/u_Dcache/Cache[52][3][31]_i_2_n_0                             | u_CPU/u_mem_and_mmio/u_Dcache/Cache[52][3][31]_i_1_n_0      |                7 |             32 |         4.57 |
|  cpu_clk_BUFG         | u_CPU/u_mem_and_mmio/u_Dcache/Cache[53][1][31]_i_2_n_0                             | u_CPU/u_mem_and_mmio/u_Dcache/Cache[53][1][31]_i_1_n_0      |               13 |             32 |         2.46 |
|  cpu_clk_BUFG         | u_CPU/u_mem_and_mmio/u_Dcache/Cache[51][3][31]_i_2_n_0                             | u_CPU/u_mem_and_mmio/u_Dcache/Cache[51][3][31]_i_1_n_0      |               12 |             32 |         2.67 |
|  cpu_clk_BUFG         | u_CPU/u_mem_and_mmio/u_Dcache/Cache[4][1][31]_i_2_n_0                              | u_CPU/u_mem_and_mmio/u_Dcache/Cache[4][1][31]_i_1_n_0       |               13 |             32 |         2.46 |
|  cpu_clk_BUFG         | u_CPU/u_mem_and_mmio/u_Dcache/Cache[52][0][31]_i_2_n_0                             | u_CPU/u_mem_and_mmio/u_Dcache/Cache[52][0][31]_i_1_n_0      |               10 |             32 |         3.20 |
|  cpu_clk_BUFG         | u_CPU/u_mem_and_mmio/u_Dcache/Cache[49][1][31]_i_2_n_0                             | u_CPU/u_mem_and_mmio/u_Dcache/Cache[49][1][31]_i_1_n_0      |               15 |             32 |         2.13 |
|  cpu_clk_BUFG         | u_CPU/u_mem_and_mmio/u_Dcache/Cache[4][2][31]_i_2_n_0                              | u_CPU/u_mem_and_mmio/u_Dcache/Cache[4][2][31]_i_1_n_0       |               20 |             32 |         1.60 |
|  cpu_clk_BUFG         | u_CPU/u_mem_and_mmio/u_Dcache/Cache[51][1][31]_i_2_n_0                             | u_CPU/u_mem_and_mmio/u_Dcache/Cache[51][1][31]_i_1_n_0      |               12 |             32 |         2.67 |
|  cpu_clk_BUFG         | u_CPU/u_mem_and_mmio/u_Dcache/Cache[49][0][31]_i_2_n_0                             | u_CPU/u_mem_and_mmio/u_Dcache/Cache[49][0][31]_i_1_n_0      |                8 |             32 |         4.00 |
|  cpu_clk_BUFG         | u_CPU/u_mem_and_mmio/u_Dcache/Cache[51][2][31]_i_2_n_0                             | u_CPU/u_mem_and_mmio/u_Dcache/Cache[51][2][31]_i_1_n_0      |                9 |             32 |         3.56 |
|  cpu_clk_BUFG         | u_CPU/u_mem_and_mmio/u_Dcache/Cache[53][3][31]_i_2_n_0                             | u_CPU/u_mem_and_mmio/u_Dcache/Cache[53][3][31]_i_1_n_0      |               11 |             32 |         2.91 |
|  cpu_clk_BUFG         | u_CPU/u_mem_and_mmio/u_Dcache/Cache[49][3][31]_i_2_n_0                             | u_CPU/u_mem_and_mmio/u_Dcache/Cache[49][3][31]_i_1_n_0      |                5 |             32 |         6.40 |
|  cpu_clk_BUFG         | u_CPU/u_mem_and_mmio/u_Dcache/Cache[50][0][31]_i_2_n_0                             | u_CPU/u_mem_and_mmio/u_Dcache/Cache[50][0][31]_i_1_n_0      |               12 |             32 |         2.67 |
|  cpu_clk_BUFG         | u_CPU/u_mem_and_mmio/u_Dcache/Cache[51][0][31]_i_2_n_0                             | u_CPU/u_mem_and_mmio/u_Dcache/Cache[51][0][31]_i_1_n_0      |                9 |             32 |         3.56 |
|  cpu_clk_BUFG         | u_CPU/u_mem_and_mmio/u_Dcache/Cache[50][3][31]_i_2_n_0                             | u_CPU/u_mem_and_mmio/u_Dcache/Cache[50][3][31]_i_1_n_0      |               11 |             32 |         2.91 |
|  cpu_clk_BUFG         | u_CPU/u_mem_and_mmio/u_Dcache/Cache[48][1][31]_i_2_n_0                             | u_CPU/u_mem_and_mmio/u_Dcache/Cache[48][1][31]_i_1_n_0      |               13 |             32 |         2.46 |
|  cpu_clk_BUFG         | u_CPU/u_mem_and_mmio/u_Dcache/Cache[50][1][31]_i_2_n_0                             | u_CPU/u_mem_and_mmio/u_Dcache/Cache[50][1][31]_i_1_n_0      |               12 |             32 |         2.67 |
|  cpu_clk_BUFG         | u_CPU/u_mem_and_mmio/u_Dcache/Cache[48][2][31]_i_2_n_0                             | u_CPU/u_mem_and_mmio/u_Dcache/Cache[48][2][31]_i_1_n_0      |                8 |             32 |         4.00 |
|  cpu_clk_BUFG         | u_CPU/u_mem_and_mmio/u_Dcache/Cache[52][1][31]_i_2_n_0                             | u_CPU/u_mem_and_mmio/u_Dcache/Cache[52][1][31]_i_1_n_0      |               12 |             32 |         2.67 |
|  cpu_clk_BUFG         | u_CPU/u_mem_and_mmio/u_Dcache/Cache[48][3][31]_i_2_n_0                             | u_CPU/u_mem_and_mmio/u_Dcache/Cache[48][3][31]_i_1_n_0      |               13 |             32 |         2.46 |
|  cpu_clk_BUFG         | u_CPU/u_mem_and_mmio/u_Dcache/Cache[49][2][31]_i_2_n_0                             | u_CPU/u_mem_and_mmio/u_Dcache/Cache[49][2][31]_i_1_n_0      |               11 |             32 |         2.91 |
|  cpu_clk_BUFG         | u_CPU/u_mem_and_mmio/u_Dcache/Cache[47][3][31]_i_2_n_0                             | u_CPU/u_mem_and_mmio/u_Dcache/Cache[47][3][31]_i_1_n_0      |               21 |             32 |         1.52 |
|  cpu_clk_BUFG         | u_CPU/u_mem_and_mmio/u_Dcache/Cache[50][2][31]_i_2_n_0                             | u_CPU/u_mem_and_mmio/u_Dcache/Cache[50][2][31]_i_1_n_0      |                8 |             32 |         4.00 |
|  cpu_clk_BUFG         | u_CPU/u_mem_and_mmio/u_Dcache/Cache[4][0][31]_i_2_n_0                              | u_CPU/u_mem_and_mmio/u_Dcache/Cache[4][0][31]_i_1_n_0       |               11 |             32 |         2.91 |
|  cpu_clk_BUFG         | u_CPU/u_mem_and_mmio/u_Dcache/Cache[53][0][31]_i_2_n_0                             | u_CPU/u_mem_and_mmio/u_Dcache/Cache[53][0][31]_i_1_n_0      |               11 |             32 |         2.91 |
|  cpu_clk_BUFG         | u_CPU/u_mem_and_mmio/u_Dcache/Cache[53][2][31]_i_2_n_0                             | u_CPU/u_mem_and_mmio/u_Dcache/Cache[53][2][31]_i_1_n_0      |                6 |             32 |         5.33 |
|  cpu_clk_BUFG         | u_CPU/u_mem_and_mmio/u_Dcache/Cache[54][3][31]_i_2_n_0                             | u_CPU/u_mem_and_mmio/u_Dcache/Cache[54][3][31]_i_1_n_0      |                9 |             32 |         3.56 |
|  cpu_clk_BUFG         | u_CPU/u_mem_and_mmio/u_Dcache/Cache[58][3][31]_i_2_n_0                             | u_CPU/u_mem_and_mmio/u_Dcache/Cache[58][3][31]_i_1_n_0      |               14 |             32 |         2.29 |
|  cpu_clk_BUFG         | u_CPU/u_mem_and_mmio/u_Dcache/Cache[55][3][31]_i_2_n_0                             | u_CPU/u_mem_and_mmio/u_Dcache/Cache[55][3][31]_i_1_n_0      |               11 |             32 |         2.91 |
|  cpu_clk_BUFG         | u_CPU/u_mem_and_mmio/u_Dcache/Cache[55][1][31]_i_2_n_0                             | u_CPU/u_mem_and_mmio/u_Dcache/Cache[55][1][31]_i_1_n_0      |               13 |             32 |         2.46 |
|  cpu_clk_BUFG         | u_CPU/u_mem_and_mmio/u_Dcache/Cache[5][2][31]_i_2_n_0                              | u_CPU/u_mem_and_mmio/u_Dcache/Cache[5][2][31]_i_1_n_0       |               22 |             32 |         1.45 |
|  cpu_clk_BUFG         | u_CPU/u_mem_and_mmio/u_Dcache/Cache[5][3][31]_i_2_n_0                              | u_CPU/u_mem_and_mmio/u_Dcache/Cache[5][3][31]_i_1_n_0       |               11 |             32 |         2.91 |
|  cpu_clk_BUFG         | u_CPU/u_mem_and_mmio/u_Dcache/Cache[56][0][31]_i_2_n_0                             | u_CPU/u_mem_and_mmio/u_Dcache/Cache[56][0][31]_i_1_n_0      |                9 |             32 |         3.56 |
|  cpu_clk_BUFG         | u_CPU/u_mem_and_mmio/u_Dcache/Cache[54][1][31]_i_2_n_0                             | u_CPU/u_mem_and_mmio/u_Dcache/Cache[54][1][31]_i_1_n_0      |               11 |             32 |         2.91 |
|  cpu_clk_BUFG         | u_CPU/u_mem_and_mmio/u_Dcache/Cache[54][2][31]_i_2_n_0                             | u_CPU/u_mem_and_mmio/u_Dcache/Cache[54][2][31]_i_1_n_0      |                8 |             32 |         4.00 |
|  cpu_clk_BUFG         | u_CPU/u_mem_and_mmio/u_Dcache/Cache[57][3][31]_i_2_n_0                             | u_CPU/u_mem_and_mmio/u_Dcache/Cache[57][3][31]_i_1_n_0      |               14 |             32 |         2.29 |
|  cpu_clk_BUFG         | u_CPU/u_mem_and_mmio/u_Dcache/Cache[55][2][31]_i_2_n_0                             | u_CPU/u_mem_and_mmio/u_Dcache/Cache[55][2][31]_i_1_n_0      |               10 |             32 |         3.20 |
|  cpu_clk_BUFG         | u_CPU/u_mem_and_mmio/u_Dcache/Cache[54][0][31]_i_2_n_0                             | u_CPU/u_mem_and_mmio/u_Dcache/Cache[54][0][31]_i_1_n_0      |               14 |             32 |         2.29 |
|  cpu_clk_BUFG         | u_CPU/u_mem_and_mmio/u_Dcache/Cache[56][1][31]_i_2_n_0                             | u_CPU/u_mem_and_mmio/u_Dcache/Cache[56][1][31]_i_1_n_0      |                6 |             32 |         5.33 |
|  cpu_clk_BUFG         | u_CPU/u_mem_and_mmio/u_Dcache/Cache[57][0][31]_i_2_n_0                             | u_CPU/u_mem_and_mmio/u_Dcache/Cache[57][0][31]_i_1_n_0      |                8 |             32 |         4.00 |
|  cpu_clk_BUFG         | u_CPU/u_mem_and_mmio/u_Dcache/Cache[57][1][31]_i_2_n_0                             | u_CPU/u_mem_and_mmio/u_Dcache/Cache[57][1][31]_i_1_n_0      |                9 |             32 |         3.56 |
|  cpu_clk_BUFG         | u_CPU/u_mem_and_mmio/u_Dcache/Cache[58][0][31]_i_2_n_0                             | u_CPU/u_mem_and_mmio/u_Dcache/Cache[58][0][31]_i_1_n_0      |               10 |             32 |         3.20 |
|  cpu_clk_BUFG         | u_CPU/u_mem_and_mmio/u_Dcache/Cache[59][1][31]_i_2_n_0                             | u_CPU/u_mem_and_mmio/u_Dcache/Cache[59][1][31]_i_1_n_0      |               10 |             32 |         3.20 |
|  cpu_clk_BUFG         | u_CPU/u_mem_and_mmio/u_Dcache/Cache[59][2][31]_i_2_n_0                             | u_CPU/u_mem_and_mmio/u_Dcache/Cache[59][2][31]_i_1_n_0      |               16 |             32 |         2.00 |
|  cpu_clk_BUFG         | u_CPU/u_mem_and_mmio/u_Dcache/Cache[5][0][31]_i_2_n_0                              | u_CPU/u_mem_and_mmio/u_Dcache/Cache[5][0][31]_i_1_n_0       |               19 |             32 |         1.68 |
|  cpu_clk_BUFG         | u_CPU/u_mem_and_mmio/u_Dcache/Cache[57][2][31]_i_2_n_0                             | u_CPU/u_mem_and_mmio/u_Dcache/Cache[57][2][31]_i_1_n_0      |               12 |             32 |         2.67 |
|  cpu_clk_BUFG         | u_CPU/u_mem_and_mmio/u_Dcache/Cache[58][1][31]_i_2_n_0                             | u_CPU/u_mem_and_mmio/u_Dcache/Cache[58][1][31]_i_1_n_0      |               20 |             32 |         1.60 |
|  cpu_clk_BUFG         | u_CPU/u_mem_and_mmio/u_Dcache/Cache[59][0][31]_i_2_n_0                             | u_CPU/u_mem_and_mmio/u_Dcache/Cache[59][0][31]_i_1_n_0      |               11 |             32 |         2.91 |
|  cpu_clk_BUFG         | u_CPU/u_mem_and_mmio/u_Dcache/Cache[56][2][31]_i_2_n_0                             | u_CPU/u_mem_and_mmio/u_Dcache/Cache[56][2][31]_i_1_n_0      |               11 |             32 |         2.91 |
|  cpu_clk_BUFG         | u_CPU/u_mem_and_mmio/u_Dcache/Cache[58][2][31]_i_2_n_0                             | u_CPU/u_mem_and_mmio/u_Dcache/Cache[58][2][31]_i_1_n_0      |               15 |             32 |         2.13 |
|  cpu_clk_BUFG         | u_CPU/u_mem_and_mmio/u_Dcache/Cache[56][3][31]_i_2_n_0                             | u_CPU/u_mem_and_mmio/u_Dcache/Cache[56][3][31]_i_1_n_0      |               10 |             32 |         3.20 |
|  cpu_clk_BUFG         | u_CPU/u_mem_and_mmio/u_Dcache/Cache[55][0][31]_i_2_n_0                             | u_CPU/u_mem_and_mmio/u_Dcache/Cache[55][0][31]_i_1_n_0      |               12 |             32 |         2.67 |
|  cpu_clk_BUFG         | u_CPU/u_mem_and_mmio/u_Dcache/Cache[59][3][31]_i_2_n_0                             | u_CPU/u_mem_and_mmio/u_Dcache/Cache[59][3][31]_i_1_n_0      |               16 |             32 |         2.00 |
|  cpu_clk_BUFG         | u_CPU/u_mem_and_mmio/u_Dcache/Cache[5][1][31]_i_2_n_0                              | u_CPU/u_mem_and_mmio/u_Dcache/Cache[5][1][31]_i_1_n_0       |               11 |             32 |         2.91 |
|  cpu_clk_BUFG         | u_CPU/u_mem_and_mmio/u_Dcache/Cache[7][3][31]_i_2_n_0                              | u_CPU/u_mem_and_mmio/u_Dcache/Cache[7][3][31]_i_1_n_0       |                9 |             32 |         3.56 |
|  cpu_clk_BUFG         | u_CPU/u_mem_and_mmio/u_Dcache/Cache[63][2][31]_i_2_n_0                             | u_CPU/u_mem_and_mmio/u_Dcache/Cache[63][2][31]_i_1_n_0      |               21 |             32 |         1.52 |
|  cpu_clk_BUFG         | u_CPU/u_mem_and_mmio/u_Dcache/Cache[63][0][31]_i_2_n_0                             | u_CPU/u_mem_and_mmio/u_Dcache/Cache[63][0][31]_i_1_n_0      |               19 |             32 |         1.68 |
|  cpu_clk_BUFG         | u_CPU/u_mem_and_mmio/u_Dcache/Cache[61][0][31]_i_2_n_0                             | u_CPU/u_mem_and_mmio/u_Dcache/Cache[61][0][31]_i_1_n_0      |               21 |             32 |         1.52 |
|  cpu_clk_BUFG         | u_CPU/u_mem_and_mmio/u_Dcache/Cache[62][0][31]_i_2_n_0                             | u_CPU/u_mem_and_mmio/u_Dcache/Cache[62][0][31]_i_1_n_0      |               16 |             32 |         2.00 |
|  cpu_clk_BUFG         | u_CPU/u_mem_and_mmio/u_Dcache/Cache[61][1][31]_i_2_n_0                             | u_CPU/u_mem_and_mmio/u_Dcache/Cache[61][1][31]_i_1_n_0      |               18 |             32 |         1.78 |
|  cpu_clk_BUFG         | u_CPU/u_mem_and_mmio/u_Dcache/Cache[61][2][31]_i_2_n_0                             | u_CPU/u_mem_and_mmio/u_Dcache/Cache[61][2][31]_i_1_n_0      |               17 |             32 |         1.88 |
|  cpu_clk_BUFG         | u_CPU/u_mem_and_mmio/u_Dcache/Cache[63][1][31]_i_2_n_0                             | u_CPU/u_mem_and_mmio/u_Dcache/Cache[63][1][31]_i_1_n_0      |               17 |             32 |         1.88 |
|  cpu_clk_BUFG         | u_CPU/u_mem_and_mmio/u_Dcache/Cache[6][0][31]_i_2_n_0                              | u_CPU/u_mem_and_mmio/u_Dcache/Cache[6][0][31]_i_1_n_0       |               12 |             32 |         2.67 |
|  cpu_clk_BUFG         | u_CPU/u_mem_and_mmio/u_Dcache/Cache[62][3][31]_i_2_n_0                             | u_CPU/u_mem_and_mmio/u_Dcache/Cache[62][3][31]_i_1_n_0      |               16 |             32 |         2.00 |
|  cpu_clk_BUFG         | u_CPU/u_mem_and_mmio/u_Dcache/Cache[7][2][31]_i_2_n_0                              | u_CPU/u_mem_and_mmio/u_Dcache/Cache[7][2][31]_i_1_n_0       |               13 |             32 |         2.46 |
|  cpu_clk_BUFG         | u_CPU/u_mem_and_mmio/u_Dcache/Cache[8][0][31]_i_2_n_0                              | u_CPU/u_mem_and_mmio/u_Dcache/Cache[8][0][31]_i_1_n_0       |               19 |             32 |         1.68 |
|  cpu_clk_BUFG         | u_CPU/u_mem_and_mmio/u_Dcache/Cache[6][2][31]_i_2_n_0                              | u_CPU/u_mem_and_mmio/u_Dcache/Cache[6][2][31]_i_1_n_0       |                9 |             32 |         3.56 |
|  cpu_clk_BUFG         | u_CPU/u_mem_and_mmio/u_Dcache/Cache[8][1][31]_i_2_n_0                              | u_CPU/u_mem_and_mmio/u_Dcache/Cache[8][1][31]_i_1_n_0       |               11 |             32 |         2.91 |
|  cpu_clk_BUFG         | u_CPU/u_mem_and_mmio/u_Dcache/Cache[60][0][31]_i_2_n_0                             | u_CPU/u_mem_and_mmio/u_Dcache/Cache[60][0][31]_i_1_n_0      |               15 |             32 |         2.13 |
|  cpu_clk_BUFG         | u_CPU/u_mem_and_mmio/u_Dcache/Cache[60][1][31]_i_2_n_0                             | u_CPU/u_mem_and_mmio/u_Dcache/Cache[60][1][31]_i_1_n_0      |               13 |             32 |         2.46 |
|  cpu_clk_BUFG         | u_CPU/u_mem_and_mmio/u_Dcache/Cache[61][3][31]_i_2_n_0                             | u_CPU/u_mem_and_mmio/u_Dcache/Cache[61][3][31]_i_1_n_0      |               12 |             32 |         2.67 |
|  cpu_clk_BUFG         | u_CPU/u_mem_and_mmio/u_Dcache/Cache[62][2][31]_i_2_n_0                             | u_CPU/u_mem_and_mmio/u_Dcache/Cache[62][2][31]_i_1_n_0      |               15 |             32 |         2.13 |
|  cpu_clk_BUFG         | u_CPU/u_mem_and_mmio/u_Dcache/Cache[7][0][31]_i_2_n_0                              | u_CPU/u_mem_and_mmio/u_Dcache/Cache[7][0][31]_i_1_n_0       |               16 |             32 |         2.00 |
|  cpu_clk_BUFG         | u_CPU/u_mem_and_mmio/u_Dcache/Cache[63][3][31]_i_2_n_0                             | u_CPU/u_mem_and_mmio/u_Dcache/Cache[63][3][31]_i_1_n_0      |               25 |             32 |         1.28 |
|  cpu_clk_BUFG         | u_CPU/u_mem_and_mmio/u_Dcache/Cache[8][2][31]_i_2_n_0                              | u_CPU/u_mem_and_mmio/u_Dcache/Cache[8][2][31]_i_1_n_0       |               16 |             32 |         2.00 |
|  cpu_clk_BUFG         | u_CPU/u_mem_and_mmio/u_Dcache/Cache[62][1][31]_i_2_n_0                             | u_CPU/u_mem_and_mmio/u_Dcache/Cache[62][1][31]_i_1_n_0      |               16 |             32 |         2.00 |
|  cpu_clk_BUFG         | u_CPU/u_mem_and_mmio/u_Dcache/Cache[6][3][31]_i_2_n_0                              | u_CPU/u_mem_and_mmio/u_Dcache/Cache[6][3][31]_i_1_n_0       |                9 |             32 |         3.56 |
|  cpu_clk_BUFG         | u_CPU/u_mem_and_mmio/u_Dcache/Cache[8][3][31]_i_2_n_0                              | u_CPU/u_mem_and_mmio/u_Dcache/Cache[8][3][31]_i_1_n_0       |               17 |             32 |         1.88 |
|  cpu_clk_BUFG         | u_CPU/u_mem_and_mmio/u_Dcache/Cache[6][1][31]_i_2_n_0                              | u_CPU/u_mem_and_mmio/u_Dcache/Cache[6][1][31]_i_1_n_0       |               13 |             32 |         2.46 |
|  cpu_clk_BUFG         | u_CPU/u_mem_and_mmio/u_Dcache/Cache[60][3][31]_i_2_n_0                             | u_CPU/u_mem_and_mmio/u_Dcache/Cache[60][3][31]_i_1_n_0      |               14 |             32 |         2.29 |
|  cpu_clk_BUFG         | u_CPU/u_mem_and_mmio/u_Dcache/Cache[7][1][31]_i_2_n_0                              | u_CPU/u_mem_and_mmio/u_Dcache/Cache[7][1][31]_i_1_n_0       |               12 |             32 |         2.67 |
|  cpu_clk_BUFG         | u_CPU/u_mem_and_mmio/u_Dcache/Cache[60][2][31]_i_2_n_0                             | u_CPU/u_mem_and_mmio/u_Dcache/Cache[60][2][31]_i_1_n_0      |               11 |             32 |         2.91 |
|  cpu_clk_BUFG         | u_CPU/u_mem_and_mmio/u_Dcache/Cache[9][3][31]_i_2_n_0                              | u_CPU/u_mem_and_mmio/u_Dcache/Cache[9][3][31]_i_1_n_0       |               28 |             32 |         1.14 |
|  cpu_clk_BUFG         | u_CPU/u_mem_and_mmio/u_Dcache/Cache[9][0][31]_i_2_n_0                              | u_CPU/u_mem_and_mmio/u_Dcache/Cache[9][0][31]_i_1_n_0       |               20 |             32 |         1.60 |
|  cpu_clk_BUFG         | u_CPU/u_mem_and_mmio/u_Dcache/Cache[9][1][31]_i_2_n_0                              | u_CPU/u_mem_and_mmio/u_Dcache/Cache[9][1][31]_i_1_n_0       |               20 |             32 |         1.60 |
|  cpu_clk_BUFG         | u_CPU/u_mem_and_mmio/u_Dcache/Cache[9][2][31]_i_2_n_0                              | u_CPU/u_mem_and_mmio/u_Dcache/Cache[9][2][31]_i_1_n_0       |               20 |             32 |         1.60 |
|  cpu_clk_BUFG         | u_CPU/u_mem_and_mmio/u_Dcache/u_DataMem/rd_line                                    |                                                             |                8 |             32 |         4.00 |
|  cpu_clk_BUFG         | u_CPU/u_mem_and_mmio/u_Dcache/u_DataMem/rd_line[1][31]_i_1_n_0                     |                                                             |                9 |             32 |         3.56 |
|  cpu_clk_BUFG         | u_CPU/u_mem_and_mmio/u_Dcache/u_DataMem/rd_line[2][31]_i_1_n_0                     |                                                             |               12 |             32 |         2.67 |
|  cpu_clk_BUFG         | u_CPU/u_mem_and_mmio/u_Dcache/u_DataMem/rd_line[0][31]_i_1_n_0                     |                                                             |                8 |             32 |         4.00 |
|  cpu_clk_BUFG         | u_CPU/u_mem_and_mmio/u_Dcache/Cache[21][1][31]_i_2_n_0                             | u_CPU/u_mem_and_mmio/u_Dcache/Cache[21][1][31]_i_1_n_0      |               10 |             32 |         3.20 |
|  cpu_clk_BUFG         | u_CPU/u_mem_and_mmio/u_Dcache/Cache[27][3][31]_i_2_n_0                             | u_CPU/u_mem_and_mmio/u_Dcache/Cache[27][3][31]_i_1_n_0      |               14 |             32 |         2.29 |
|  cpu_clk_BUFG         | u_CPU/u_mem_and_mmio/u_Dcache/Cache[23][1][31]_i_2_n_0                             | u_CPU/u_mem_and_mmio/u_Dcache/Cache[23][1][31]_i_1_n_0      |                9 |             32 |         3.56 |
|  cpu_clk_BUFG         | u_CPU/u_mem_and_mmio/u_Dcache/Cache[23][2][31]_i_2_n_0                             | u_CPU/u_mem_and_mmio/u_Dcache/Cache[23][2][31]_i_1_n_0      |                7 |             32 |         4.57 |
|  cpu_clk_BUFG         | u_CPU/u_mem_and_mmio/u_Dcache/Cache[24][2][31]_i_2_n_0                             | u_CPU/u_mem_and_mmio/u_Dcache/Cache[24][2][31]_i_1_n_0      |                7 |             32 |         4.57 |
|  cpu_clk_BUFG         | u_CPU/u_mem_and_mmio/u_Dcache/Cache[22][2][31]_i_2_n_0                             | u_CPU/u_mem_and_mmio/u_Dcache/Cache[22][2][31]_i_1_n_0      |                7 |             32 |         4.57 |
|  cpu_clk_BUFG         | u_CPU/u_mem_and_mmio/u_Dcache/Cache[22][0][31]_i_2_n_0                             | u_CPU/u_mem_and_mmio/u_Dcache/Cache[22][0][31]_i_1_n_0      |                6 |             32 |         5.33 |
|  cpu_clk_BUFG         | u_CPU/u_mem_and_mmio/u_Dcache/Cache[21][3][31]_i_2_n_0                             | u_CPU/u_mem_and_mmio/u_Dcache/Cache[21][3][31]_i_1_n_0      |                8 |             32 |         4.00 |
|  cpu_clk_BUFG         | u_CPU/u_mem_and_mmio/u_Dcache/Cache[25][2][31]_i_2_n_0                             | u_CPU/u_mem_and_mmio/u_Dcache/Cache[25][2][31]_i_1_n_0      |               14 |             32 |         2.29 |
|  cpu_clk_BUFG         | u_CPU/u_mem_and_mmio/u_Dcache/Cache[25][3][31]_i_2_n_0                             | u_CPU/u_mem_and_mmio/u_Dcache/Cache[25][3][31]_i_1_n_0      |               12 |             32 |         2.67 |
|  cpu_clk_BUFG         | u_CPU/u_mem_and_mmio/u_Dcache/Cache[25][1][31]_i_2_n_0                             | u_CPU/u_mem_and_mmio/u_Dcache/Cache[25][1][31]_i_1_n_0      |               11 |             32 |         2.91 |
|  cpu_clk_BUFG         | u_CPU/u_mem_and_mmio/u_Dcache/Cache[26][1][31]_i_2_n_0                             | u_CPU/u_mem_and_mmio/u_Dcache/Cache[26][1][31]_i_1_n_0      |               13 |             32 |         2.46 |
|  cpu_clk_BUFG         | u_CPU/u_mem_and_mmio/u_Dcache/Cache[26][0][31]_i_2_n_0                             | u_CPU/u_mem_and_mmio/u_Dcache/Cache[26][0][31]_i_1_n_0      |               12 |             32 |         2.67 |
|  cpu_clk_BUFG         | u_CPU/u_mem_and_mmio/u_Dcache/Cache[24][1][31]_i_2_n_0                             | u_CPU/u_mem_and_mmio/u_Dcache/Cache[24][1][31]_i_1_n_0      |               12 |             32 |         2.67 |
|  cpu_clk_BUFG         | u_CPU/u_mem_and_mmio/u_Dcache/Cache[26][3][31]_i_2_n_0                             | u_CPU/u_mem_and_mmio/u_Dcache/Cache[26][3][31]_i_1_n_0      |               11 |             32 |         2.91 |
|  cpu_clk_BUFG         | u_CPU/u_mem_and_mmio/u_Dcache/Cache[27][2][31]_i_2_n_0                             | u_CPU/u_mem_and_mmio/u_Dcache/Cache[27][2][31]_i_1_n_0      |               10 |             32 |         3.20 |
|  cpu_clk_BUFG         | u_CPU/u_mem_and_mmio/u_Dcache/Cache[22][3][31]_i_2_n_0                             | u_CPU/u_mem_and_mmio/u_Dcache/Cache[22][3][31]_i_1_n_0      |               10 |             32 |         3.20 |
|  cpu_clk_BUFG         | u_CPU/u_mem_and_mmio/u_Dcache/Cache[26][2][31]_i_2_n_0                             | u_CPU/u_mem_and_mmio/u_Dcache/Cache[26][2][31]_i_1_n_0      |                8 |             32 |         4.00 |
|  cpu_clk_BUFG         | u_CPU/u_mem_and_mmio/u_Dcache/Cache[21][2][31]_i_2_n_0                             | u_CPU/u_mem_and_mmio/u_Dcache/Cache[21][2][31]_i_1_n_0      |                9 |             32 |         3.56 |
|  cpu_clk_BUFG         | u_CPU/u_mem_and_mmio/u_Dcache/Cache[28][0][31]_i_2_n_0                             | u_CPU/u_mem_and_mmio/u_Dcache/Cache[28][0][31]_i_1_n_0      |                8 |             32 |         4.00 |
|  cpu_clk_BUFG         | u_CPU/u_mem_and_mmio/u_Dcache/Cache[22][1][31]_i_2_n_0                             | u_CPU/u_mem_and_mmio/u_Dcache/Cache[22][1][31]_i_1_n_0      |               17 |             32 |         1.88 |
|  cpu_clk_BUFG         | u_CPU/u_mem_and_mmio/u_Dcache/Cache[27][1][31]_i_2_n_0                             | u_CPU/u_mem_and_mmio/u_Dcache/Cache[27][1][31]_i_1_n_0      |               14 |             32 |         2.29 |
|  cpu_clk_BUFG         | u_CPU/u_mem_and_mmio/u_Dcache/Cache[23][0][31]_i_2_n_0                             | u_CPU/u_mem_and_mmio/u_Dcache/Cache[23][0][31]_i_1_n_0      |                7 |             32 |         4.57 |
|  cpu_clk_BUFG         | u_CPU/u_mem_and_mmio/u_Dcache/Cache[24][0][31]_i_2_n_0                             | u_CPU/u_mem_and_mmio/u_Dcache/Cache[24][0][31]_i_1_n_0      |                7 |             32 |         4.57 |
|  cpu_clk_BUFG         | u_CPU/u_mem_and_mmio/u_Dcache/Cache[24][3][31]_i_2_n_0                             | u_CPU/u_mem_and_mmio/u_Dcache/Cache[24][3][31]_i_1_n_0      |                8 |             32 |         4.00 |
|  cpu_clk_BUFG         | u_CPU/u_mem_and_mmio/u_Dcache/Cache[25][0][31]_i_2_n_0                             | u_CPU/u_mem_and_mmio/u_Dcache/Cache[25][0][31]_i_1_n_0      |                8 |             32 |         4.00 |
|  cpu_clk_BUFG         | u_CPU/u_mem_and_mmio/u_Dcache/Cache[27][0][31]_i_2_n_0                             | u_CPU/u_mem_and_mmio/u_Dcache/Cache[27][0][31]_i_1_n_0      |               10 |             32 |         3.20 |
|  cpu_clk_BUFG         | u_CPU/u_mem_and_mmio/u_Dcache/Cache[28][1][31]_i_2_n_0                             | u_CPU/u_mem_and_mmio/u_Dcache/Cache[28][1][31]_i_1_n_0      |               18 |             32 |         1.78 |
|  cpu_clk_BUFG         | u_CPU/u_mem_and_mmio/u_Dcache/Cache[12][2][31]_i_2_n_0                             | u_CPU/u_mem_and_mmio/u_Dcache/Cache[12][2][31]_i_1_n_0      |               11 |             32 |         2.91 |
|  cpu_clk_BUFG         | u_CPU/u_mem_and_mmio/u_Dcache/Cache[10][3][31]_i_2_n_0                             | u_CPU/u_mem_and_mmio/u_Dcache/Cache[10][3][31]_i_1_n_0      |                6 |             32 |         5.33 |
|  cpu_clk_BUFG         | u_CPU/u_mem_and_mmio/u_Dcache/Cache[0][1][31]_i_2_n_0                              | u_CPU/u_mem_and_mmio/u_Dcache/Cache[0][1][31]_i_1_n_0       |                8 |             32 |         4.00 |
|  cpu_clk_BUFG         | u_CPU/u_mem_and_mmio/u_Dcache/Cache[0][3][31]_i_2_n_0                              | u_CPU/u_mem_and_mmio/u_Dcache/Cache[0][3][31]_i_1_n_0       |                6 |             32 |         5.33 |
|  cpu_clk_BUFG         | u_CPU/u_mem_and_mmio/u_Dcache/Cache[10][2][31]_i_2_n_0                             | u_CPU/u_mem_and_mmio/u_Dcache/Cache[10][2][31]_i_1_n_0      |               14 |             32 |         2.29 |
|  cpu_clk_BUFG         | u_CPU/u_mem_and_mmio/u_Dcache/Cache[11][1][31]_i_2_n_0                             | u_CPU/u_mem_and_mmio/u_Dcache/Cache[11][1][31]_i_1_n_0      |               15 |             32 |         2.13 |
|  cpu_clk_BUFG         | u_CPU/u_mem_and_mmio/u_Dcache/Cache[11][0][31]_i_2_n_0                             | u_CPU/u_mem_and_mmio/u_Dcache/Cache[11][0][31]_i_1_n_0      |               11 |             32 |         2.91 |
|  cpu_clk_BUFG         | u_CPU/u_mem_and_mmio/u_Dcache/Cache[0][2][31]_i_2_n_0                              | u_CPU/u_mem_and_mmio/u_Dcache/Cache[0][2][31]_i_1_n_0       |                6 |             32 |         5.33 |
|  cpu_clk_BUFG         | u_CPU/u_mem_and_mmio/u_Dcache/Cache[0][0][31]_i_2_n_0                              | u_CPU/u_mem_and_mmio/u_Dcache/Cache[0][0][31]_i_1_n_0       |                9 |             32 |         3.56 |
|  cpu_clk_BUFG         | u_CPU/u_mem_and_mmio/u_Dcache/Cache[10][0][31]_i_2_n_0                             | u_CPU/u_mem_and_mmio/u_Dcache/Cache[10][0][31]_i_1_n_0      |               13 |             32 |         2.46 |
|  cpu_clk_BUFG         | u_CPU/u_mem_and_mmio/u_Dcache/Cache[11][2][31]_i_2_n_0                             | u_CPU/u_mem_and_mmio/u_Dcache/Cache[11][2][31]_i_1_n_0      |               13 |             32 |         2.46 |
|  cpu_clk_BUFG         | u_CPU/u_mem_and_mmio/u_Dcache/Cache[11][3][31]_i_2_n_0                             | u_CPU/u_mem_and_mmio/u_Dcache/Cache[11][3][31]_i_1_n_0      |               16 |             32 |         2.00 |
|  cpu_clk_BUFG         | u_CPU/u_mem_and_mmio/u_Dcache/Cache[12][0][31]_i_2_n_0                             | u_CPU/u_mem_and_mmio/u_Dcache/Cache[12][0][31]_i_1_n_0      |               10 |             32 |         3.20 |
|  cpu_clk_BUFG         | u_CPU/u_mem_and_mmio/u_Dcache/Cache[12][1][31]_i_2_n_0                             | u_CPU/u_mem_and_mmio/u_Dcache/Cache[12][1][31]_i_1_n_0      |                7 |             32 |         4.57 |
|  cpu_clk_BUFG         | u_CPU/u_mem_and_mmio/u_Dcache/Cache[10][1][31]_i_2_n_0                             | u_CPU/u_mem_and_mmio/u_Dcache/Cache[10][1][31]_i_1_n_0      |                7 |             32 |         4.57 |
|  cpu_clk_BUFG         | u_CPU/u_mem_and_mmio/u_Dcache/Cache[18][0][31]_i_2_n_0                             | u_CPU/u_mem_and_mmio/u_Dcache/Cache[18][0][31]_i_1_n_0      |                8 |             32 |         4.00 |
|  cpu_clk_BUFG         | u_CPU/u_mem_and_mmio/u_Dcache/Cache[13][1][31]_i_2_n_0                             | u_CPU/u_mem_and_mmio/u_Dcache/Cache[13][1][31]_i_1_n_0      |                6 |             32 |         5.33 |
|  cpu_clk_BUFG         | u_CPU/u_mem_and_mmio/u_Dcache/Cache[14][3][31]_i_2_n_0                             | u_CPU/u_mem_and_mmio/u_Dcache/Cache[14][3][31]_i_1_n_0      |               20 |             32 |         1.60 |
|  cpu_clk_BUFG         | u_CPU/u_mem_and_mmio/u_Dcache/Cache[16][0][31]_i_2_n_0                             | u_CPU/u_mem_and_mmio/u_Dcache/Cache[16][0][31]_i_1_n_0      |                6 |             32 |         5.33 |
|  cpu_clk_BUFG         | u_CPU/u_mem_and_mmio/u_Dcache/Cache[14][0][31]_i_2_n_0                             | u_CPU/u_mem_and_mmio/u_Dcache/Cache[14][0][31]_i_1_n_0      |                9 |             32 |         3.56 |
|  cpu_clk_BUFG         | u_CPU/u_mem_and_mmio/u_Dcache/Cache[17][0][31]_i_2_n_0                             | u_CPU/u_mem_and_mmio/u_Dcache/Cache[17][0][31]_i_1_n_0      |               10 |             32 |         3.20 |
|  cpu_clk_BUFG         | u_CPU/u_mem_and_mmio/u_Dcache/Cache[17][1][31]_i_2_n_0                             | u_CPU/u_mem_and_mmio/u_Dcache/Cache[17][1][31]_i_1_n_0      |               13 |             32 |         2.46 |
|  cpu_clk_BUFG         | u_CPU/u_mem_and_mmio/u_Dcache/Cache[19][0][31]_i_2_n_0                             | u_CPU/u_mem_and_mmio/u_Dcache/Cache[19][0][31]_i_1_n_0      |                8 |             32 |         4.00 |
|  cpu_clk_BUFG         | u_CPU/u_mem_and_mmio/u_Dcache/Cache[19][1][31]_i_2_n_0                             | u_CPU/u_mem_and_mmio/u_Dcache/Cache[19][1][31]_i_1_n_0      |               10 |             32 |         3.20 |
|  cpu_clk_BUFG         | u_CPU/u_mem_and_mmio/u_Dcache/Cache[13][0][31]_i_2_n_0                             | u_CPU/u_mem_and_mmio/u_Dcache/Cache[13][0][31]_i_1_n_0      |               10 |             32 |         3.20 |
|  cpu_clk_BUFG         | u_CPU/u_mem_and_mmio/u_Dcache/Cache[18][2][31]_i_2_n_0                             | u_CPU/u_mem_and_mmio/u_Dcache/Cache[18][2][31]_i_1_n_0      |                8 |             32 |         4.00 |
|  cpu_clk_BUFG         | u_CPU/u_mem_and_mmio/u_Dcache/Cache[17][3][31]_i_2_n_0                             | u_CPU/u_mem_and_mmio/u_Dcache/Cache[17][3][31]_i_1_n_0      |                7 |             32 |         4.57 |
|  cpu_clk_BUFG         | u_CPU/u_mem_and_mmio/u_Dcache/Cache[18][1][31]_i_2_n_0                             | u_CPU/u_mem_and_mmio/u_Dcache/Cache[18][1][31]_i_1_n_0      |                7 |             32 |         4.57 |
|  cpu_clk_BUFG         | u_CPU/u_mem_and_mmio/u_Dcache/Cache[15][0][31]_i_2_n_0                             | u_CPU/u_mem_and_mmio/u_Dcache/Cache[15][0][31]_i_1_n_0      |               19 |             32 |         1.68 |
|  cpu_clk_BUFG         | u_CPU/u_mem_and_mmio/u_Dcache/Cache[15][1][31]_i_2_n_0                             | u_CPU/u_mem_and_mmio/u_Dcache/Cache[15][1][31]_i_1_n_0      |                8 |             32 |         4.00 |
|  cpu_clk_BUFG         | u_CPU/u_mem_and_mmio/u_Dcache/Cache[15][3][31]_i_2_n_0                             | u_CPU/u_mem_and_mmio/u_Dcache/Cache[15][3][31]_i_1_n_0      |                9 |             32 |         3.56 |
|  cpu_clk_BUFG         | u_CPU/u_mem_and_mmio/u_Dcache/Cache[16][2][31]_i_2_n_0                             | u_CPU/u_mem_and_mmio/u_Dcache/Cache[16][2][31]_i_1_n_0      |                8 |             32 |         4.00 |
|  cpu_clk_BUFG         | u_CPU/u_mem_and_mmio/u_Dcache/Cache[23][3][31]_i_2_n_0                             | u_CPU/u_mem_and_mmio/u_Dcache/Cache[23][3][31]_i_1_n_0      |               11 |             32 |         2.91 |
|  cpu_clk_BUFG         | u_CPU/u_mem_and_mmio/u_Dcache/Cache[18][3][31]_i_2_n_0                             | u_CPU/u_mem_and_mmio/u_Dcache/Cache[18][3][31]_i_1_n_0      |               11 |             32 |         2.91 |
|  cpu_clk_BUFG         | u_CPU/u_mem_and_mmio/u_Dcache/Cache[19][2][31]_i_2_n_0                             | u_CPU/u_mem_and_mmio/u_Dcache/Cache[19][2][31]_i_1_n_0      |                8 |             32 |         4.00 |
|  cpu_clk_BUFG         | u_CPU/u_mem_and_mmio/u_Dcache/Cache[15][2][31]_i_2_n_0                             | u_CPU/u_mem_and_mmio/u_Dcache/Cache[15][2][31]_i_1_n_0      |               11 |             32 |         2.91 |
|  cpu_clk_BUFG         | u_CPU/u_mem_and_mmio/u_Dcache/Cache[19][3][31]_i_2_n_0                             | u_CPU/u_mem_and_mmio/u_Dcache/Cache[19][3][31]_i_1_n_0      |                8 |             32 |         4.00 |
|  cpu_clk_BUFG         | u_CPU/u_mem_and_mmio/u_Dcache/Cache[14][1][31]_i_2_n_0                             | u_CPU/u_mem_and_mmio/u_Dcache/Cache[14][1][31]_i_1_n_0      |               10 |             32 |         3.20 |
|  cpu_clk_BUFG         | u_CPU/u_mem_and_mmio/u_Dcache/Cache[13][2][31]_i_2_n_0                             | u_CPU/u_mem_and_mmio/u_Dcache/Cache[13][2][31]_i_1_n_0      |               13 |             32 |         2.46 |
|  cpu_clk_BUFG         | u_CPU/u_mem_and_mmio/u_Dcache/Cache[16][1][31]_i_2_n_0                             | u_CPU/u_mem_and_mmio/u_Dcache/Cache[16][1][31]_i_1_n_0      |               10 |             32 |         3.20 |
|  cpu_clk_BUFG         | u_CPU/u_mem_and_mmio/u_Dcache/Cache[17][2][31]_i_2_n_0                             | u_CPU/u_mem_and_mmio/u_Dcache/Cache[17][2][31]_i_1_n_0      |                9 |             32 |         3.56 |
|  cpu_clk_BUFG         | u_CPU/u_mem_and_mmio/u_Dcache/Cache[14][2][31]_i_2_n_0                             | u_CPU/u_mem_and_mmio/u_Dcache/Cache[14][2][31]_i_1_n_0      |               10 |             32 |         3.20 |
|  cpu_clk_BUFG         | u_CPU/u_mem_and_mmio/u_Dcache/Cache[13][3][31]_i_2_n_0                             | u_CPU/u_mem_and_mmio/u_Dcache/Cache[13][3][31]_i_1_n_0      |                8 |             32 |         4.00 |
|  cpu_clk_BUFG         | u_CPU/u_mem_and_mmio/u_Dcache/Cache[16][3][31]_i_2_n_0                             | u_CPU/u_mem_and_mmio/u_Dcache/Cache[16][3][31]_i_1_n_0      |                8 |             32 |         4.00 |
|  cpu_clk_BUFG         | u_CPU/u_mem_and_mmio/u_Dcache/Cache[1][0][31]_i_2_n_0                              | u_CPU/u_mem_and_mmio/u_Dcache/Cache[1][0][31]_i_1_n_0       |               11 |             32 |         2.91 |
|  cpu_clk_BUFG         | u_CPU/u_mem_and_mmio/u_Dcache/Cache[1][1][31]_i_2_n_0                              | u_CPU/u_mem_and_mmio/u_Dcache/Cache[1][1][31]_i_1_n_0       |               15 |             32 |         2.13 |
|  cpu_clk_BUFG         | u_CPU/u_mem_and_mmio/u_Dcache/Cache[1][2][31]_i_2_n_0                              | u_CPU/u_mem_and_mmio/u_Dcache/Cache[1][2][31]_i_1_n_0       |               13 |             32 |         2.46 |
|  cpu_clk_BUFG         | u_CPU/u_mem_and_mmio/u_Dcache/Cache[20][1][31]_i_2_n_0                             | u_CPU/u_mem_and_mmio/u_Dcache/Cache[20][1][31]_i_1_n_0      |               15 |             32 |         2.13 |
|  cpu_clk_BUFG         | u_CPU/u_mem_and_mmio/u_Dcache/Cache[20][0][31]_i_2_n_0                             | u_CPU/u_mem_and_mmio/u_Dcache/Cache[20][0][31]_i_1_n_0      |                6 |             32 |         5.33 |
|  cpu_clk_BUFG         | u_CPU/u_mem_and_mmio/u_Dcache/Cache[20][2][31]_i_2_n_0                             | u_CPU/u_mem_and_mmio/u_Dcache/Cache[20][2][31]_i_1_n_0      |               10 |             32 |         3.20 |
|  cpu_clk_BUFG         | u_CPU/u_mem_and_mmio/u_Dcache/Cache[20][3][31]_i_2_n_0                             | u_CPU/u_mem_and_mmio/u_Dcache/Cache[20][3][31]_i_1_n_0      |                9 |             32 |         3.56 |
|  cpu_clk_BUFG         | u_CPU/u_mem_and_mmio/u_Dcache/Cache[1][3][31]_i_2_n_0                              | u_CPU/u_mem_and_mmio/u_Dcache/Cache[1][3][31]_i_1_n_0       |               13 |             32 |         2.46 |
|  cpu_clk_BUFG         | u_CPU/u_mem_and_mmio/u_Dcache/Cache[21][0][31]_i_2_n_0                             | u_CPU/u_mem_and_mmio/u_Dcache/Cache[21][0][31]_i_1_n_0      |                7 |             32 |         4.57 |
|  clk_IBUF_BUFG        | fd/counter_reg[31]_i_1_n_0                                                         | sdu/dcp/scan/rstn                                           |                5 |             32 |         6.40 |
|  clk_153600_BUFG      | sdu/dcp/save_ra0                                                                   | sdu/dcp/scan/rstn                                           |               12 |             32 |         2.67 |
|  cpu_clk_BUFG         | u_IOU/PS_data/delay3_reg_0                                                         |                                                             |                8 |             32 |         4.00 |
|  cpu_clk_BUFG         | u_IOU/PS_data/swx_vld02_out                                                        |                                                             |                7 |             32 |         4.57 |
|  cpu_clk_BUFG         | u_CPU/u_EXMEM/seg_data                                                             |                                                             |               10 |             32 |         3.20 |
|  cpu_clk_BUFG         | u_CPU/u_mem_and_mmio/u_Dcache/Cache[30][3][31]_i_2_n_0                             | u_CPU/u_mem_and_mmio/u_Dcache/Cache[30][3][31]_i_1_n_0      |               20 |             32 |         1.60 |
|  cpu_clk_BUFG         | u_CPU/u_mem_and_mmio/u_Dcache/Cache[34][0][31]_i_2_n_0                             | u_CPU/u_mem_and_mmio/u_Dcache/Cache[34][0][31]_i_1_n_0      |                6 |             32 |         5.33 |
|  cpu_clk_BUFG         | u_CPU/u_mem_and_mmio/u_Dcache/Cache[34][1][31]_i_2_n_0                             | u_CPU/u_mem_and_mmio/u_Dcache/Cache[34][1][31]_i_1_n_0      |               12 |             32 |         2.67 |
|  cpu_clk_BUFG         | u_CPU/u_mem_and_mmio/u_Dcache/Cache[28][2][31]_i_2_n_0                             | u_CPU/u_mem_and_mmio/u_Dcache/Cache[28][2][31]_i_1_n_0      |                9 |             32 |         3.56 |
|  cpu_clk_BUFG         | u_CPU/u_mem_and_mmio/u_Dcache/Cache[29][0][31]_i_2_n_0                             | u_CPU/u_mem_and_mmio/u_Dcache/Cache[29][0][31]_i_1_n_0      |                8 |             32 |         4.00 |
|  cpu_clk_BUFG         | u_CPU/u_mem_and_mmio/u_Dcache/Cache[33][3][31]_i_2_n_0                             | u_CPU/u_mem_and_mmio/u_Dcache/Cache[33][3][31]_i_1_n_0      |               18 |             32 |         1.78 |
|  cpu_clk_BUFG         | u_CPU/u_mem_and_mmio/u_Dcache/Cache[28][3][31]_i_2_n_0                             | u_CPU/u_mem_and_mmio/u_Dcache/Cache[28][3][31]_i_1_n_0      |               14 |             32 |         2.29 |
|  cpu_clk_BUFG         | u_CPU/u_mem_and_mmio/u_Dcache/Cache[30][1][31]_i_2_n_0                             | u_CPU/u_mem_and_mmio/u_Dcache/Cache[30][1][31]_i_1_n_0      |                8 |             32 |         4.00 |
|  cpu_clk_BUFG         | u_CPU/u_mem_and_mmio/u_Dcache/Cache[31][2][31]_i_2_n_0                             | u_CPU/u_mem_and_mmio/u_Dcache/Cache[31][2][31]_i_1_n_0      |               22 |             32 |         1.45 |
|  cpu_clk_BUFG         | u_CPU/u_mem_and_mmio/u_Dcache/Cache[29][2][31]_i_2_n_0                             | u_CPU/u_mem_and_mmio/u_Dcache/Cache[29][2][31]_i_1_n_0      |               12 |             32 |         2.67 |
|  cpu_clk_BUFG         | u_CPU/u_mem_and_mmio/u_Dcache/Cache[2][1][31]_i_2_n_0                              | u_CPU/u_mem_and_mmio/u_Dcache/Cache[2][1][31]_i_1_n_0       |                9 |             32 |         3.56 |
|  cpu_clk_BUFG         | u_CPU/u_mem_and_mmio/u_Dcache/Cache[2][0][31]_i_2_n_0                              | u_CPU/u_mem_and_mmio/u_Dcache/Cache[2][0][31]_i_1_n_0       |               13 |             32 |         2.46 |
|  cpu_clk_BUFG         | u_CPU/u_mem_and_mmio/u_Dcache/Cache[29][1][31]_i_2_n_0                             | u_CPU/u_mem_and_mmio/u_Dcache/Cache[29][1][31]_i_1_n_0      |               13 |             32 |         2.46 |
|  cpu_clk_BUFG         | u_CPU/u_mem_and_mmio/u_Dcache/Cache[12][3][31]_i_2_n_0                             | u_CPU/u_mem_and_mmio/u_Dcache/Cache[12][3][31]_i_1_n_0      |               10 |             32 |         3.20 |
|  cpu_clk_BUFG         | u_CPU/u_mem_and_mmio/u_Dcache/u_DataMem/wr_addr                                    |                                                             |               19 |             42 |         2.21 |
|  cpu_clk_BUFG         | u_CPU/u_mem_and_mmio/u_Dcache/u_DataMem/u_Mem_sdu/Mem_sdu_reg_832_895_0_2_i_1_n_0  |                                                             |               11 |             44 |         4.00 |
|  cpu_clk_BUFG         | u_CPU/u_mem_and_mmio/u_Dcache/u_DataMem/u_Mem_sdu/Mem_sdu_reg_896_959_0_2_i_1_n_0  |                                                             |               11 |             44 |         4.00 |
|  cpu_clk_BUFG         | u_CPU/u_mem_and_mmio/u_Dcache/u_DataMem/u_Mem_sdu/Mem_sdu_reg_960_1023_0_2_i_1_n_0 |                                                             |               11 |             44 |         4.00 |
|  cpu_clk_BUFG         | u_CPU/u_mem_and_mmio/u_Dcache/u_DataMem/u_Mem_sdu/Mem_sdu_reg_128_191_0_2_i_1_n_0  |                                                             |               11 |             44 |         4.00 |
|  cpu_clk_BUFG         | u_CPU/u_mem_and_mmio/u_Dcache/u_DataMem/u_Mem_sdu/Mem_sdu_reg_0_63_0_2_i_1_n_0     |                                                             |               11 |             44 |         4.00 |
|  cpu_clk_BUFG         | u_CPU/u_mem_and_mmio/u_Dcache/u_DataMem/u_Mem_sdu/Mem_sdu_reg_192_255_0_2_i_1_n_0  |                                                             |               11 |             44 |         4.00 |
|  cpu_clk_BUFG         | u_CPU/u_mem_and_mmio/u_Dcache/u_DataMem/u_Mem_sdu/Mem_sdu_reg_256_319_0_2_i_1_n_0  |                                                             |               11 |             44 |         4.00 |
|  cpu_clk_BUFG         | u_CPU/u_mem_and_mmio/u_Dcache/u_DataMem/u_Mem_sdu/Mem_sdu_reg_320_383_0_2_i_1_n_0  |                                                             |               11 |             44 |         4.00 |
|  cpu_clk_BUFG         | u_CPU/u_mem_and_mmio/u_Dcache/u_DataMem/u_Mem_sdu/Mem_sdu_reg_448_511_0_2_i_1_n_0  |                                                             |               11 |             44 |         4.00 |
|  cpu_clk_BUFG         | u_CPU/u_mem_and_mmio/u_Dcache/u_DataMem/u_Mem_sdu/Mem_sdu_reg_384_447_0_2_i_1_n_0  |                                                             |               11 |             44 |         4.00 |
|  cpu_clk_BUFG         | u_CPU/u_mem_and_mmio/u_Dcache/u_DataMem/u_Mem_sdu/Mem_sdu_reg_512_575_0_2_i_1_n_0  |                                                             |               11 |             44 |         4.00 |
|  cpu_clk_BUFG         | u_CPU/u_mem_and_mmio/u_Dcache/u_DataMem/u_Mem_sdu/Mem_sdu_reg_576_639_0_2_i_1_n_0  |                                                             |               11 |             44 |         4.00 |
|  cpu_clk_BUFG         | u_CPU/u_mem_and_mmio/u_Dcache/u_DataMem/u_Mem_sdu/Mem_sdu_reg_640_703_0_2_i_1_n_0  |                                                             |               11 |             44 |         4.00 |
|  cpu_clk_BUFG         | u_CPU/u_mem_and_mmio/u_Dcache/u_DataMem/u_Mem_sdu/Mem_sdu_reg_64_127_0_2_i_1_n_0   |                                                             |               11 |             44 |         4.00 |
|  cpu_clk_BUFG         | u_CPU/u_mem_and_mmio/u_Dcache/u_DataMem/u_Mem_sdu/Mem_sdu_reg_768_831_0_2_i_1_n_0  |                                                             |               11 |             44 |         4.00 |
|  cpu_clk_BUFG         | u_CPU/u_mem_and_mmio/u_Dcache/u_DataMem/u_Mem_sdu/Mem_sdu_reg_704_767_0_2_i_1_n_0  |                                                             |               11 |             44 |         4.00 |
|  clk_153600_BUFG      |                                                                                    | sdu/dcp/scan/rstn                                           |               21 |             46 |         2.19 |
|  clk_153600_BUFG      | sdu/dcp/dra00                                                                      | sdu/dcp/scan/rstn                                           |               18 |             47 |         2.61 |
|  cpu_clk_BUFG         | u_CPU/u_EXMEM/FSM_onehot_cache_state_reg[0]_rep__2_0                               |                                                             |               44 |             96 |         2.18 |
|  cpu_clk_BUFG         | u_CPU/u_MEMWB/MEMWB_RegWrite_reg_0                                                 |                                                             |               17 |            132 |         7.76 |
|  cpu_clk_BUFG         | u_CPU/u_mem_and_mmio/u_Dcache/mem_wr_line                                          |                                                             |               37 |            136 |         3.68 |
|  cpu_clk_BUFG         | u_CPU/u_EXMEM/FSM_onehot_cache_state_reg[0]_rep__2                                 |                                                             |              194 |            442 |         2.28 |
|  cpu_clk_BUFG         |                                                                                    |                                                             |              162 |            511 |         3.15 |
+-----------------------+------------------------------------------------------------------------------------+-------------------------------------------------------------+------------------+----------------+--------------+


